// Jest Snapshot v1, https://goo.gl/fbAQLP

exports[`Expensify page should render page 1`] = `
<main
  class="pageContainer"
>
  <form
    class="form"
  >
    <input
      class="input undefined"
      name="description"
      type="text"
      value=""
    />
    <input
      class="input undefined"
      name="amount"
      type="number"
      value=""
    />
    <input
      class="input undefined"
      name="note"
      value=""
    />
    <button
      type="submit"
    >
      send
    </button>
  </form>
  <form
    data=""
  >
    <input
      class="input undefined"
      name="text"
      value=""
    />
    <select
      class="select undefined"
      name="sort"
    >
      <option
        value="amount asc"
      >
        amount asc
      </option>
      <option
        value="amount desc"
      >
        amount desc
      </option>
      <option
        value="description asc"
      >
        description asc
      </option>
      <option
        value="description desc"
      >
        description desc
      </option>
      <option
        value="createdAt asc"
      >
        createdAt asc
      </option>
      <option
        value="createdAt desc"
      >
        createdAt desc
      </option>
    </select>
    <div
      class="react-datepicker-wrapper"
    >
      <div
        class="react-datepicker__input-container"
      >
        <input
          class=""
          name="date"
          type="text"
          value=""
        />
      </div>
    </div>
    <button
      type="submit"
    >
      send
    </button>
  </form>
  <p>
    total:
    0
  </p>
  <ul
    class="expenseList"
  >
    <p>
      No expenses
    </p>
  </ul>
</main>
`;
